02-08 16:25:54.806 28445-28445/com.medicom.maven.debug W/RecyclerView: RecyclerView does not support scrolling to an absolute position. Use scrollToPosition instead
02-08 16:25:54.838 28445-28445/com.medicom.maven.debug W/RecyclerView: RecyclerView does not support scrolling to an absolute position. Use scrollToPosition instead
02-08 16:25:54.855 28445-28445/com.medicom.maven.debug I/chatty: uid=10135(u0_a135) com.medicom.maven.debug identical 2 lines
02-08 16:25:54.855 28445-28445/com.medicom.maven.debug W/RecyclerView: RecyclerView does not support scrolling to an absolute position. Use scrollToPosition instead
02-08 16:25:54.858 28445-28475/com.medicom.maven.debug D/OpenGLRenderer: endAllActiveAnimators on 0x75ee0bc800 (InsetDrawable) with handle 0x75f55874e0
02-08 16:25:54.872 28445-28445/com.medicom.maven.debug W/RecyclerView: RecyclerView does not support scrolling to an absolute position. Use scrollToPosition instead
02-08 16:25:54.872 28445-28445/com.medicom.maven.debug W/RecyclerView: RecyclerView does not support scrolling to an absolute position. Use scrollToPosition instead
02-08 16:25:54.881 28445-28935/com.medicom.maven.debug D/OkHttp: <-- 204  https://test-maven.cogniance.com/api/v1/users/170358/phone-book (162ms)
02-08 16:25:54.882 28445-28935/com.medicom.maven.debug D/OkHttp: Server: openresty/1.9.7.1
02-08 16:25:54.882 28445-28935/com.medicom.maven.debug D/OkHttp: Date: Thu, 08 Feb 2018 15:25:55 GMT
02-08 16:25:54.882 28445-28935/com.medicom.maven.debug D/OkHttp: Connection: keep-alive
02-08 16:25:54.882 28445-28935/com.medicom.maven.debug D/OkHttp: X-Content-Type-Options: nosniff
02-08 16:25:54.882 28445-28935/com.medicom.maven.debug D/OkHttp: X-XSS-Protection: 1; mode=block
02-08 16:25:54.882 28445-28935/com.medicom.maven.debug D/OkHttp: Cache-Control: no-cache, no-store, max-age=0, must-revalidate
02-08 16:25:54.882 28445-28935/com.medicom.maven.debug D/OkHttp: Pragma: no-cache
02-08 16:25:54.882 28445-28935/com.medicom.maven.debug D/OkHttp: Expires: 0
02-08 16:25:54.882 28445-28935/com.medicom.maven.debug D/OkHttp: X-Frame-Options: DENY
02-08 16:25:54.882 28445-28935/com.medicom.maven.debug D/OkHttp: app-version: 0.29.1358
02-08 16:25:54.882 28445-28935/com.medicom.maven.debug D/OkHttp: Alternate-Protocol: 443:npn-spdy/3
02-08 16:25:54.882 28445-28935/com.medicom.maven.debug D/OkHttp: Strict-Transport-Security: max-age=31536000; includeSubDomains;
02-08 16:25:54.882 28445-28935/com.medicom.maven.debug D/OkHttp: <-- END HTTP
02-08 16:25:54.889 28445-28445/com.medicom.maven.debug W/RecyclerView: RecyclerView does not support scrolling to an absolute position. Use scrollToPosition instead
02-08 16:25:54.889 28445-28445/com.medicom.maven.debug W/RecyclerView: RecyclerView does not support scrolling to an absolute position. Use scrollToPosition instead
02-08 16:25:54.899 28445-28937/com.medicom.maven.debug D/OkHttp: <-- 200  https://test-maven.cogniance.com/api/v1/patients/170358/infusions/sync (165ms)
02-08 16:25:54.899 28445-28937/com.medicom.maven.debug D/OkHttp: Server: openresty/1.9.7.1
02-08 16:25:54.899 28445-28937/com.medicom.maven.debug D/OkHttp: Date: Thu, 08 Feb 2018 15:25:55 GMT
02-08 16:25:54.899 28445-28937/com.medicom.maven.debug D/OkHttp: Content-Type: application/json;charset=UTF-8
02-08 16:25:54.899 28445-28937/com.medicom.maven.debug D/OkHttp: Content-Length: 70
02-08 16:25:54.899 28445-28937/com.medicom.maven.debug D/OkHttp: Connection: keep-alive
02-08 16:25:54.899 28445-28937/com.medicom.maven.debug D/OkHttp: X-Content-Type-Options: nosniff
02-08 16:25:54.899 28445-28937/com.medicom.maven.debug D/OkHttp: X-XSS-Protection: 1; mode=block
02-08 16:25:54.899 28445-28937/com.medicom.maven.debug D/OkHttp: Cache-Control: no-cache, no-store, max-age=0, must-revalidate
02-08 16:25:54.899 28445-28937/com.medicom.maven.debug D/OkHttp: Pragma: no-cache
02-08 16:25:54.899 28445-28937/com.medicom.maven.debug D/OkHttp: Expires: 0
02-08 16:25:54.900 28445-28937/com.medicom.maven.debug D/OkHttp: X-Frame-Options: DENY
02-08 16:25:54.900 28445-28937/com.medicom.maven.debug D/OkHttp: app-version: 0.29.1358
02-08 16:25:54.900 28445-28937/com.medicom.maven.debug D/OkHttp: Alternate-Protocol: 443:npn-spdy/3
02-08 16:25:54.900 28445-28937/com.medicom.maven.debug D/OkHttp: Strict-Transport-Security: max-age=31536000; includeSubDomains;
02-08 16:25:54.900 28445-28937/com.medicom.maven.debug D/OkHttp: {"mobileAppLastSynchronization":"2018-02-08T15:25:54Z","infusions":[]}
02-08 16:25:54.901 28445-28937/com.medicom.maven.debug D/OkHttp: <-- END HTTP (70-byte body)
02-08 16:25:54.905 28445-28445/com.medicom.maven.debug W/RecyclerView: RecyclerView does not support scrolling to an absolute position. Use scrollToPosition instead
02-08 16:25:54.922 28445-28445/com.medicom.maven.debug I/chatty: uid=10135(u0_a135) com.medicom.maven.debug identical 2 lines
02-08 16:25:54.922 28445-28445/com.medicom.maven.debug W/RecyclerView: RecyclerView does not support scrolling to an absolute position. Use scrollToPosition instead
02-08 16:25:54.937 28445-28773/com.medicom.maven.debug D/TasksManager: Start new task SendInfuserSynchronizationTask{patientId=170358, serialNumber2LastSyncTimeMap={}, serialNumber2LastSyncEntryIndexMap={}}:-1613115299
02-08 16:25:54.939 28445-28445/com.medicom.maven.debug W/RecyclerView: RecyclerView does not support scrolling to an absolute position. Use scrollToPosition instead
02-08 16:25:54.939 28445-28445/com.medicom.maven.debug W/RecyclerView: RecyclerView does not support scrolling to an absolute position. Use scrollToPosition instead
02-08 16:25:54.941 28445-28827/com.medicom.maven.debug D/TasksManager: Start new task LoadMissedInfusionsTask{patientId=170358, range=[2017-02-08..2018-02-08]}:2017925889
02-08 16:25:54.944 28445-28939/com.medicom.maven.debug D/OkHttp: --> GET https://test-maven.cogniance.com/api/v1/patients/170358/infusions/missed?startDate=2017-02-08&endDate=2018-02-08 http/1.1
02-08 16:25:54.944 28445-28939/com.medicom.maven.debug D/OkHttp: x-auth-token: usr:170358:tkn:5cc0708e-129c-4f5f-b5af-e0fabbc54370
02-08 16:25:54.944 28445-28939/com.medicom.maven.debug D/OkHttp: --> END GET
02-08 16:25:54.955 28445-28445/com.medicom.maven.debug W/RecyclerView: RecyclerView does not support scrolling to an absolute position. Use scrollToPosition instead
02-08 16:25:54.972 28445-28445/com.medicom.maven.debug I/chatty: uid=10135(u0_a135) com.medicom.maven.debug identical 2 lines
02-08 16:25:54.972 28445-28445/com.medicom.maven.debug W/RecyclerView: RecyclerView does not support scrolling to an absolute position. Use scrollToPosition instead
02-08 16:25:54.983 28445-28939/com.medicom.maven.debug D/OkHttp: <-- 200  https://test-maven.cogniance.com/api/v1/patients/170358/infusions/missed?startDate=2017-02-08&endDate=2018-02-08 (39ms)
02-08 16:25:54.983 28445-28939/com.medicom.maven.debug D/OkHttp: Server: openresty/1.9.7.1
02-08 16:25:54.983 28445-28939/com.medicom.maven.debug D/OkHttp: Date: Thu, 08 Feb 2018 15:25:55 GMT
02-08 16:25:54.983 28445-28939/com.medicom.maven.debug D/OkHttp: Content-Type: application/json;charset=UTF-8
02-08 16:25:54.983 28445-28939/com.medicom.maven.debug D/OkHttp: Content-Length: 2
02-08 16:25:54.984 28445-28939/com.medicom.maven.debug D/OkHttp: Connection: keep-alive
02-08 16:25:54.984 28445-28939/com.medicom.maven.debug D/OkHttp: X-Content-Type-Options: nosniff
02-08 16:25:54.984 28445-28939/com.medicom.maven.debug D/OkHttp: X-XSS-Protection: 1; mode=block
02-08 16:25:54.984 28445-28939/com.medicom.maven.debug D/OkHttp: Cache-Control: no-cache, no-store, max-age=0, must-revalidate
02-08 16:25:54.984 28445-28939/com.medicom.maven.debug D/OkHttp: Pragma: no-cache
02-08 16:25:54.984 28445-28939/com.medicom.maven.debug D/OkHttp: Expires: 0
02-08 16:25:54.984 28445-28939/com.medicom.maven.debug D/OkHttp: X-Frame-Options: DENY
02-08 16:25:54.984 28445-28939/com.medicom.maven.debug D/OkHttp: app-version: 0.29.1358
02-08 16:25:54.984 28445-28939/com.medicom.maven.debug D/OkHttp: Alternate-Protocol: 443:npn-spdy/3
02-08 16:25:54.984 28445-28939/com.medicom.maven.debug D/OkHttp: Strict-Transport-Security: max-age=31536000; includeSubDomains;
02-08 16:25:54.985 28445-28939/com.medicom.maven.debug D/OkHttp: []
02-08 16:25:54.985 28445-28939/com.medicom.maven.debug D/OkHttp: <-- END HTTP (2-byte body)
02-08 16:25:54.989 28445-28445/com.medicom.maven.debug W/RecyclerView: RecyclerView does not support scrolling to an absolute position. Use scrollToPosition instead
02-08 16:25:54.989 28445-28445/com.medicom.maven.debug W/RecyclerView: RecyclerView does not support scrolling to an absolute position. Use scrollToPosition instead
02-08 16:25:54.990 28445-28830/com.medicom.maven.debug D/TasksManager: Start new task LoadUserProfileTask{userId=170358, refreshCountryAnyway=false}:1849625610
02-08 16:25:54.993 28445-28940/com.medicom.maven.debug D/OkHttp: --> GET https://test-maven.cogniance.com/api/v1/users/170358 http/1.1
02-08 16:25:54.993 28445-28940/com.medicom.maven.debug D/OkHttp: x-auth-token: usr:170358:tkn:5cc0708e-129c-4f5f-b5af-e0fabbc54370
02-08 16:25:54.993 28445-28940/com.medicom.maven.debug D/OkHttp: --> END GET
02-08 16:25:55.006 28445-28445/com.medicom.maven.debug W/RecyclerView: RecyclerView does not support scrolling to an absolute position. Use scrollToPosition instead
02-08 16:25:55.006 28445-28445/com.medicom.maven.debug W/RecyclerView: RecyclerView does not support scrolling to an absolute position. Use scrollToPosition instead
02-08 16:25:55.017 28445-28940/com.medicom.maven.debug D/OkHttp: <-- 200  https://test-maven.cogniance.com/api/v1/users/170358 (23ms)
02-08 16:25:55.017 28445-28940/com.medicom.maven.debug D/OkHttp: Server: openresty/1.9.7.1
02-08 16:25:55.017 28445-28940/com.medicom.maven.debug D/OkHttp: Date: Thu, 08 Feb 2018 15:25:55 GMT
02-08 16:25:55.017 28445-28940/com.medicom.maven.debug D/OkHttp: Content-Type: application/json;charset=UTF-8
02-08 16:25:55.017 28445-28940/com.medicom.maven.debug D/OkHttp: Content-Length: 801
02-08 16:25:55.017 28445-28940/com.medicom.maven.debug D/OkHttp: Connection: keep-alive
02-08 16:25:55.017 28445-28940/com.medicom.maven.debug D/OkHttp: X-Content-Type-Options: nosniff
02-08 16:25:55.017 28445-28940/com.medicom.maven.debug D/OkHttp: X-XSS-Protection: 1; mode=block
02-08 16:25:55.017 28445-28940/com.medicom.maven.debug D/OkHttp: Cache-Control: no-cache, no-store, max-age=0, must-revalidate
02-08 16:25:55.017 28445-28940/com.medicom.maven.debug D/OkHttp: Pragma: no-cache
02-08 16:25:55.017 28445-28940/com.medicom.maven.debug D/OkHttp: Expires: 0
02-08 16:25:55.017 28445-28940/com.medicom.maven.debug D/OkHttp: X-Frame-Options: DENY
02-08 16:25:55.017 28445-28940/com.medicom.maven.debug D/OkHttp: app-version: 0.29.1358
02-08 16:25:55.017 28445-28940/com.medicom.maven.debug D/OkHttp: Alternate-Protocol: 443:npn-spdy/3
02-08 16:25:55.017 28445-28940/com.medicom.maven.debug D/OkHttp: Strict-Transport-Security: max-age=31536000; includeSubDomains;
02-08 16:25:55.018 28445-28940/com.medicom.maven.debug D/OkHttp: {"email":"maventests+patient+17@gmail.com","firstName":"Patient17","lastName":"Patient","alternativeEmail":null,"phoneNumber":"+12672060413","alternativePhoneNumber":null,"gender":null,"address":"Some address","city":"Warsaw","language":"en","provinceId":null,"provinceName":null,"birthDate":null,"diagnosis":"HEMOPHILIA_A","roles":["ROLE_PATIENT"],"country":"US","countryName":"United States","newEmail":null,"newPhoneNumber":null,"treatmentCentreId":null,"hcp":null,"maxInactivityTimeInMin":30,"passwordExpiryDate":"2030-01-01T00:00:00Z","annualBleedRate":0.0,"abrAndAdherenceTimeFrame":365,"adherence":null,"active":null,"lastSyncDate":"2018-02-08T15:25:54Z","infusers":[{"lastSynchronizedEntryIndex":null,"serialNumber":"Maven-24-85","bindingDateTime":"2018-02-08T15:25:51Z","lastSyncDate":null}]}
02-08 16:25:55.018 28445-28940/com.medicom.maven.debug D/OkHttp: <-- END HTTP (801-byte body)
02-08 16:25:55.022 28445-28445/com.medicom.maven.debug W/RecyclerView: RecyclerView does not support scrolling to an absolute position. Use scrollToPosition instead
02-08 16:25:55.090 28445-28445/com.medicom.maven.debug I/chatty: uid=10135(u0_a135) com.medicom.maven.debug identical 8 lines
02-08 16:25:55.090 28445-28445/com.medicom.maven.debug W/RecyclerView: RecyclerView does not support scrolling to an absolute position. Use scrollToPosition instead
02-08 16:25:55.097 28445-28780/com.medicom.maven.debug D/TasksManager: Start new task SynchronizePhotosChangesWithServerTask{patientId=170358}:908085
02-08 16:25:55.106 28445-28445/com.medicom.maven.debug W/RecyclerView: RecyclerView does not support scrolling to an absolute position. Use scrollToPosition instead
02-08 16:25:55.140 28445-28445/com.medicom.maven.debug I/chatty: uid=10135(u0_a135) com.medicom.maven.debug identical 4 lines
02-08 16:25:55.140 28445-28445/com.medicom.maven.debug W/RecyclerView: RecyclerView does not support scrolling to an absolute position. Use scrollToPosition instead
02-08 16:25:57.797 28445-28452/com.medicom.maven.debug I/zygote64: Do partial code cache collection, code=1007KB, data=613KB
02-08 16:25:57.801 28445-28452/com.medicom.maven.debug I/zygote64: After code cache collection, code=1007KB, data=613KB
02-08 16:25:57.801 28445-28452/com.medicom.maven.debug I/zygote64: Increasing code cache capacity to 3MB
02-08 16:25:57.817 28445-28445/com.medicom.maven.debug W/RecyclerView: RecyclerView does not support scrolling to an absolute position. Use scrollToPosition instead
02-08 16:25:58.110 28445-28445/com.medicom.maven.debug I/chatty: uid=10135(u0_a135) com.medicom.maven.debug identical 40 lines
02-08 16:25:58.110 28445-28445/com.medicom.maven.debug W/RecyclerView: RecyclerView does not support scrolling to an absolute position. Use scrollToPosition instead
02-08 16:26:04.709 28445-28445/com.medicom.maven.debug E/ActivityThread: Activity com.medicom.maven.activity.ScanDeviceActivity has leaked ServiceConnection com.medicom.maven.activity.ScanDeviceActivity$2@c6fb48b that was originally bound here
                                                                         android.app.ServiceConnectionLeaked: Activity com.medicom.maven.activity.ScanDeviceActivity has leaked ServiceConnection com.medicom.maven.activity.ScanDeviceActivity$2@c6fb48b that was originally bound here
                                                                             at android.app.LoadedApk$ServiceDispatcher.<init>(LoadedApk.java:1514)
                                                                             at android.app.LoadedApk.getServiceDispatcher(LoadedApk.java:1406)
                                                                             at android.app.ContextImpl.bindServiceCommon(ContextImpl.java:1589)
                                                                             at android.app.ContextImpl.bindService(ContextImpl.java:1541)
                                                                             at android.content.ContextWrapper.bindService(ContextWrapper.java:678)
                                                                             at com.medicom.maven.infuser.service.InfuserDeviceService.bindService(InfuserDeviceService.java:275)
                                                                             at com.medicom.maven.activity.ScanDeviceActivity.connectToService(ScanDeviceActivity.java:222)
                                                                             at com.medicom.maven.activity.ScanDeviceActivity.access$000(ScanDeviceActivity.java:61)
                                                                             at com.medicom.maven.activity.ScanDeviceActivity$1.onFinish(ScanDeviceActivity.java:116)
                                                                             at com.medicom.maven.infuser.usecase.InfuserPermissionsUseCase.requestEnableLocation(InfuserPermissionsUseCase.java:125)
                                                                             at com.medicom.maven.infuser.usecase.InfuserPermissionsUseCase.lambda$requestLocationPermissionAnyway$3(InfuserPermissionsUseCase.java:94)
                                                                             at com.medicom.maven.infuser.usecase.InfuserPermissionsUseCase$$Lambda$3.accept(Unknown Source:6)
                                                                             at io.reactivex.internal.observers.LambdaObserver.onNext(LambdaObserver.java:60)
                                                                             at io.reactivex.internal.operators.observable.ObservableFlatMap$MergeObserver.tryEmitScalar(ObservableFlatMap.java:234)
                                                                             at io.reactivex.internal.operators.observable.ObservableFlatMap$MergeObserver.subscribeInner(ObservableFlatMap.java:146)
                                                                             at io.reactivex.internal.operators.observable.ObservableFlatMap$MergeObserver.onNext(ObservableFlatMap.java:139)
                                                                             at io.reactivex.internal.operators.observable.ObservableBuffer$BufferExactObserver.onNext(ObservableBuffer.java:113)
                                                                             at io.reactivex.internal.operators.observable.ObservableFlatMap$MergeObserver.tryEmit(ObservableFlatMap.java:262)
                                                                             at io.reactivex.internal.operators.observable.ObservableFlatMap$InnerObserver.onNext(ObservableFlatMap.java:559)
                                                                             at io.reactivex.observers.SerializedObserver.onNext(SerializedObserver.java:113)
                                                                             at io.reactivex.internal.operators.observable.ObservableConcatMap$SourceObserver$InnerObserver.onNext(ObservableConcatMap.java:249)
                                                                             at io.reactivex.subjects.PublishSubject$PublishDisposable.onNext(PublishSubject.java:265)
                                                                             at io.reactivex.subjects.PublishSubject.onNext(PublishSubject.java:184)
                                                                             at com.tbruyelle.rxpermissions2.RxPermissionsFragment.onRequestPermissionsResult(RxPermissionsFragment.java:64)
                                                                             at com.tbruyelle.rxpermissions2.RxPermissionsFragment.onRequestPermissionsResult(RxPermissionsFragment.java:49)
                                                                             at android.app.Activity.dispatchRequestPermissionsResultToFragment(Activity.java:7398)
                                                                             at android.app.Activity.dispatchActivityResult(Activity.java:7243)
                                                                             at android.app.ActivityThread.deliverResults(ActivityThread.java:4320)
                                                                             at android.app.ActivityThread.handleSendResult(ActivityThread.java:4367)
                                                                             at android.app.ActivityThread.-wrap19(Unknown Source:0)
                                                                             at android.app.ActivityThread$H.handleMessage(ActivityThread.java:1649)
                                                                             at android.os.Handler.dispatchMessage(Handler.java:105)
                                                                             at android.os.Looper.loop(Looper.java:164)
                                                                             at android.app.ActivityThread.main(ActivityThread.java:6541)
                                                                             at java.lang.reflect.Method.invoke(Native Method)
                                                                             at com.android.internal.os.Zygote$MethodAndArgsCaller.run(Zygote.java:240)
                                                                             at com.android.internal.os.ZygoteInit.main(ZygoteInit.java:767)
02-08 16:26:09.851 28445-28467/com.medicom.maven.debug I/zygote64: Explicit concurrent copying GC freed 68367(3MB) AllocSpace objects, 1(16KB) LOS objects, 49% free, 5MB/10MB, paused 1.643ms total 133.599ms
02-08 16:26:11.409 28445-28445/com.medicom.maven.debug D/InfusersSentry: Found 1 infusers
02-08 16:26:11.438 28445-28445/com.medicom.maven.debug D/InfusersSentry: Switch to foreground iteration
02-08 16:26:11.441 28445-28445/com.medicom.maven.debug D/BluetoothAdapter: startLeScan(): null
02-08 16:26:11.444 28445-28445/com.medicom.maven.debug D/BluetoothAdapter: isLeEnabled(): ON
02-08 16:26:11.450 28445-28896/com.medicom.maven.debug D/BluetoothLeScanner: onScannerRegistered() - status=0 scannerId=7 mScannerId=0
02-08 16:26:41.467 28445-28445/com.medicom.maven.debug D/InfusersSentry: Found 1 infusers
02-08 16:26:41.478 28445-28445/com.medicom.maven.debug D/InfusersSentry: Switch to foreground iteration
02-08 16:27:11.511 28445-28445/com.medicom.maven.debug D/InfusersSentry: Found 1 infusers
02-08 16:27:11.526 28445-28445/com.medicom.maven.debug D/InfusersSentry: Switch to foreground iteration
02-08 16:27:41.545 28445-28445/com.medicom.maven.debug D/InfusersSentry: Found 1 infusers
02-08 16:27:41.567 28445-28445/com.medicom.maven.debug D/InfusersSentry: Switch to foreground iteration
02-08 16:28:11.585 28445-28445/com.medicom.maven.debug D/InfusersSentry: Found 1 infusers
02-08 16:28:11.603 28445-28445/com.medicom.maven.debug D/InfusersSentry: Switch to foreground iteration
02-08 16:28:13.759 28445-28458/com.medicom.maven.debug I/zygote64: Background concurrent copying GC freed 147686(5MB) AllocSpace objects, 0(0B) LOS objects, 49% free, 5MB/10MB, paused 1.560ms total 101.867ms
02-08 16:28:41.633 28445-28445/com.medicom.maven.debug D/InfusersSentry: Found 1 infusers
02-08 16:28:41.649 28445-28445/com.medicom.maven.debug D/InfusersSentry: Switch to foreground iteration
02-08 16:29:11.678 28445-28445/com.medicom.maven.debug D/InfusersSentry: Found 1 infusers
02-08 16:29:11.693 28445-28445/com.medicom.maven.debug D/InfusersSentry: Switch to foreground iteration
02-08 16:29:41.722 28445-28445/com.medicom.maven.debug D/InfusersSentry: Found 1 infusers
02-08 16:29:41.734 28445-28445/com.medicom.maven.debug D/InfusersSentry: Switch to foreground iteration
02-08 16:30:11.759 28445-28445/com.medicom.maven.debug D/InfusersSentry: Found 1 infusers
02-08 16:30:11.770 28445-28445/com.medicom.maven.debug D/InfusersSentry: Switch to foreground iteration
02-08 16:30:41.802 28445-28445/com.medicom.maven.debug D/InfusersSentry: Found 1 infusers
02-08 16:30:41.815 28445-28445/com.medicom.maven.debug D/InfusersSentry: Switch to foreground iteration
02-08 16:31:11.845 28445-28445/com.medicom.maven.debug D/InfusersSentry: Found 1 infusers
02-08 16:31:11.859 28445-28445/com.medicom.maven.debug D/InfusersSentry: Switch to foreground iteration
02-08 16:31:41.886 28445-28445/com.medicom.maven.debug D/InfusersSentry: Found 1 infusers
02-08 16:31:41.897 28445-28445/com.medicom.maven.debug D/InfusersSentry: Switch to foreground iteration
